Bxkq6kVGFtq2y_MoigeqscPOdhXVbhiVtLoAmXb5jCoEHB3sq8bqHOK9GFDrx0yYWg_nuxMkXcULrpN4yBlMoNIz6aY0Txff67SPJfmiheN71BIleGR2C-ffEfCKTP1yzDqDVeSE0MrC3U2ibIgXM-TeiVCXKF-zlM3xd2D65SZ7T8Mu5lvWgKU9LJP87xESBYDJOxHmTTrZX55mIGy6plTqW0FH1bopWMnFmvxjtKNBSh5L-uiK1aLY6vdm-xldZBt1EvfwvWDi1yg0d5YEo8nRft4C-8vL-pfM83h9ZW8
